nohup: 忽略输入
bash: /home/lcx/.conda/envs/chat-scene/lib/libtinfo.so.6: no version information available (required by bash)
PYTHONPATH: :/home/lcx/.conda/envs/chat-scene/bin/python:.
2025-08-14 13:53:54 - Starting to wait for GPU memory...
2025-08-14 13:53:54 - Neither GPU 0 (788MB) nor GPU 1 (4992MB) has sufficient memory. Waiting...
2025-08-14 13:54:24 - Neither GPU 0 (788MB) nor GPU 1 (6749MB) has sufficient memory. Waiting...
2025-08-14 13:54:54 - Neither GPU 0 (788MB) nor GPU 1 (6749MB) has sufficient memory. Waiting...
2025-08-14 13:55:24 - Neither GPU 0 (788MB) nor GPU 1 (6749MB) has sufficient memory. Waiting...
2025-08-14 13:55:54 - Neither GPU 0 (788MB) nor GPU 1 (6749MB) has sufficient memory. Waiting...
2025-08-14 13:56:24 - Neither GPU 0 (788MB) nor GPU 1 (6749MB) has sufficient memory. Waiting...
2025-08-14 13:56:54 - Neither GPU 0 (788MB) nor GPU 1 (6749MB) has sufficient memory. Waiting...
2025-08-14 13:57:24 - Neither GPU 0 (788MB) nor GPU 1 (6749MB) has sufficient memory. Waiting...
2025-08-14 13:57:54 - Neither GPU 0 (788MB) nor GPU 1 (6749MB) has sufficient memory. Waiting...
2025-08-14 13:58:24 - Neither GPU 0 (788MB) nor GPU 1 (6749MB) has sufficient memory. Waiting...
2025-08-14 13:58:55 - Neither GPU 0 (788MB) nor GPU 1 (6749MB) has sufficient memory. Waiting...
2025-08-14 13:59:25 - Neither GPU 0 (788MB) nor GPU 1 (6749MB) has sufficient memory. Waiting...
2025-08-14 13:59:55 - Neither GPU 0 (788MB) nor GPU 1 (6749MB) has sufficient memory. Waiting...
2025-08-14 14:00:25 - Neither GPU 0 (788MB) nor GPU 1 (6749MB) has sufficient memory. Waiting...
2025-08-14 14:00:55 - Neither GPU 0 (788MB) nor GPU 1 (6749MB) has sufficient memory. Waiting...
2025-08-14 14:01:25 - Neither GPU 0 (788MB) nor GPU 1 (6749MB) has sufficient memory. Waiting...
2025-08-14 14:01:55 - Neither GPU 0 (788MB) nor GPU 1 (6749MB) has sufficient memory. Waiting...
2025-08-14 14:02:25 - Neither GPU 0 (788MB) nor GPU 1 (6749MB) has sufficient memory. Waiting...
2025-08-14 14:02:55 - Neither GPU 0 (788MB) nor GPU 1 (6749MB) has sufficient memory. Waiting...
2025-08-14 14:03:25 - Neither GPU 0 (788MB) nor GPU 1 (6749MB) has sufficient memory. Waiting...
2025-08-14 14:03:55 - Neither GPU 0 (788MB) nor GPU 1 (6749MB) has sufficient memory. Waiting...
2025-08-14 14:04:25 - Neither GPU 0 (788MB) nor GPU 1 (6749MB) has sufficient memory. Waiting...
2025-08-14 14:04:55 - Neither GPU 0 (788MB) nor GPU 1 (6749MB) has sufficient memory. Waiting...
2025-08-14 14:05:25 - Neither GPU 0 (788MB) nor GPU 1 (6749MB) has sufficient memory. Waiting...
2025-08-14 14:05:55 - Neither GPU 0 (788MB) nor GPU 1 (6749MB) has sufficient memory. Waiting...
2025-08-14 14:06:26 - Neither GPU 0 (788MB) nor GPU 1 (6749MB) has sufficient memory. Waiting...
2025-08-14 14:06:56 - Neither GPU 0 (788MB) nor GPU 1 (6749MB) has sufficient memory. Waiting...
2025-08-14 14:07:26 - Neither GPU 0 (788MB) nor GPU 1 (6749MB) has sufficient memory. Waiting...
2025-08-14 14:07:56 - Neither GPU 0 (788MB) nor GPU 1 (6749MB) has sufficient memory. Waiting...
2025-08-14 14:08:26 - Neither GPU 0 (788MB) nor GPU 1 (6749MB) has sufficient memory. Waiting...
2025-08-14 14:08:56 - Neither GPU 0 (788MB) nor GPU 1 (6749MB) has sufficient memory. Waiting...
2025-08-14 14:09:26 - Neither GPU 0 (788MB) nor GPU 1 (6749MB) has sufficient memory. Waiting...
2025-08-14 14:09:56 - Neither GPU 0 (788MB) nor GPU 1 (2796MB) has sufficient memory. Waiting...
2025-08-14 14:10:26 - Neither GPU 0 (788MB) nor GPU 1 (2796MB) has sufficient memory. Waiting...
2025-08-14 14:10:56 - Neither GPU 0 (788MB) nor GPU 1 (2796MB) has sufficient memory. Waiting...
2025-08-14 14:11:26 - Neither GPU 0 (788MB) nor GPU 1 (2796MB) has sufficient memory. Waiting...
2025-08-14 14:11:56 - Neither GPU 0 (788MB) nor GPU 1 (2796MB) has sufficient memory. Waiting...
2025-08-14 14:12:26 - Neither GPU 0 (788MB) nor GPU 1 (2796MB) has sufficient memory. Waiting...
2025-08-14 14:12:56 - Neither GPU 0 (788MB) nor GPU 1 (2796MB) has sufficient memory. Waiting...
2025-08-14 14:13:26 - Neither GPU 0 (788MB) nor GPU 1 (2796MB) has sufficient memory. Waiting...
2025-08-14 14:13:57 - Neither GPU 0 (788MB) nor GPU 1 (2796MB) has sufficient memory. Waiting...
2025-08-14 14:14:27 - Neither GPU 0 (788MB) nor GPU 1 (2796MB) has sufficient memory. Waiting...
2025-08-14 14:14:57 - Neither GPU 0 (788MB) nor GPU 1 (2796MB) has sufficient memory. Waiting...
2025-08-14 14:15:27 - Neither GPU 0 (788MB) nor GPU 1 (2796MB) has sufficient memory. Waiting...
2025-08-14 14:15:57 - Neither GPU 0 (788MB) nor GPU 1 (2796MB) has sufficient memory. Waiting...
2025-08-14 14:16:27 - Neither GPU 0 (788MB) nor GPU 1 (2796MB) has sufficient memory. Waiting...
2025-08-14 14:16:57 - Neither GPU 0 (788MB) nor GPU 1 (2796MB) has sufficient memory. Waiting...
2025-08-14 14:17:27 - Neither GPU 0 (788MB) nor GPU 1 (2796MB) has sufficient memory. Waiting...
2025-08-14 14:17:57 - Neither GPU 0 (788MB) nor GPU 1 (2796MB) has sufficient memory. Waiting...
2025-08-14 14:18:27 - Neither GPU 0 (788MB) nor GPU 1 (2796MB) has sufficient memory. Waiting...
2025-08-14 14:18:57 - Neither GPU 0 (788MB) nor GPU 1 (2796MB) has sufficient memory. Waiting...
2025-08-14 14:19:27 - Neither GPU 0 (788MB) nor GPU 1 (2796MB) has sufficient memory. Waiting...
2025-08-14 14:19:57 - Neither GPU 0 (788MB) nor GPU 1 (2796MB) has sufficient memory. Waiting...
2025-08-14 14:20:27 - Neither GPU 0 (788MB) nor GPU 1 (2796MB) has sufficient memory. Waiting...
2025-08-14 14:20:57 - Neither GPU 0 (788MB) nor GPU 1 (2796MB) has sufficient memory. Waiting...
2025-08-14 14:21:28 - Neither GPU 0 (788MB) nor GPU 1 (2796MB) has sufficient memory. Waiting...
2025-08-14 14:21:58 - Neither GPU 0 (788MB) nor GPU 1 (2796MB) has sufficient memory. Waiting...
2025-08-14 14:22:28 - Neither GPU 0 (788MB) nor GPU 1 (2796MB) has sufficient memory. Waiting...
2025-08-14 14:22:58 - Neither GPU 0 (788MB) nor GPU 1 (2796MB) has sufficient memory. Waiting...
2025-08-14 14:23:28 - Neither GPU 0 (788MB) nor GPU 1 (2796MB) has sufficient memory. Waiting...
2025-08-14 14:23:58 - Neither GPU 0 (788MB) nor GPU 1 (2796MB) has sufficient memory. Waiting...
2025-08-14 14:24:28 - Neither GPU 0 (788MB) nor GPU 1 (2796MB) has sufficient memory. Waiting...
2025-08-14 14:24:58 - Neither GPU 0 (788MB) nor GPU 1 (2796MB) has sufficient memory. Waiting...
2025-08-14 14:25:28 - Neither GPU 0 (788MB) nor GPU 1 (2796MB) has sufficient memory. Waiting...
2025-08-14 14:25:58 - Neither GPU 0 (788MB) nor GPU 1 (2796MB) has sufficient memory. Waiting...
2025-08-14 14:26:28 - Neither GPU 0 (788MB) nor GPU 1 (2796MB) has sufficient memory. Waiting...
2025-08-14 14:26:58 - Neither GPU 0 (788MB) nor GPU 1 (2796MB) has sufficient memory. Waiting...
2025-08-14 14:27:28 - Neither GPU 0 (788MB) nor GPU 1 (2796MB) has sufficient memory. Waiting...
2025-08-14 14:27:58 - Neither GPU 0 (788MB) nor GPU 1 (2796MB) has sufficient memory. Waiting...
2025-08-14 14:28:29 - Neither GPU 0 (788MB) nor GPU 1 (2796MB) has sufficient memory. Waiting...
2025-08-14 14:28:59 - Neither GPU 0 (788MB) nor GPU 1 (2796MB) has sufficient memory. Waiting...
2025-08-14 14:29:29 - Neither GPU 0 (788MB) nor GPU 1 (2796MB) has sufficient memory. Waiting...
2025-08-14 14:29:59 - Neither GPU 0 (788MB) nor GPU 1 (2796MB) has sufficient memory. Waiting...
2025-08-14 14:30:29 - Neither GPU 0 (788MB) nor GPU 1 (2796MB) has sufficient memory. Waiting...
2025-08-14 14:30:59 - Neither GPU 0 (788MB) nor GPU 1 (2796MB) has sufficient memory. Waiting...
2025-08-14 14:31:29 - Neither GPU 0 (788MB) nor GPU 1 (2796MB) has sufficient memory. Waiting...
2025-08-14 14:31:59 - Neither GPU 0 (788MB) nor GPU 1 (2796MB) has sufficient memory. Waiting...
2025-08-14 14:32:29 - Neither GPU 0 (788MB) nor GPU 1 (2796MB) has sufficient memory. Waiting...
2025-08-14 14:32:59 - Neither GPU 0 (788MB) nor GPU 1 (2796MB) has sufficient memory. Waiting...
2025-08-14 14:33:29 - Neither GPU 0 (788MB) nor GPU 1 (2796MB) has sufficient memory. Waiting...
2025-08-14 14:33:59 - Neither GPU 0 (788MB) nor GPU 1 (2796MB) has sufficient memory. Waiting...
2025-08-14 14:34:29 - Neither GPU 0 (788MB) nor GPU 1 (2796MB) has sufficient memory. Waiting...
2025-08-14 14:34:59 - Neither GPU 0 (788MB) nor GPU 1 (2796MB) has sufficient memory. Waiting...
2025-08-14 14:35:29 - Neither GPU 0 (788MB) nor GPU 1 (2796MB) has sufficient memory. Waiting...
2025-08-14 14:36:00 - Neither GPU 0 (788MB) nor GPU 1 (2796MB) has sufficient memory. Waiting...
2025-08-14 14:36:30 - Neither GPU 0 (788MB) nor GPU 1 (2796MB) has sufficient memory. Waiting...
2025-08-14 14:37:00 - Neither GPU 0 (788MB) nor GPU 1 (2796MB) has sufficient memory. Waiting...
2025-08-14 14:37:30 - Neither GPU 0 (788MB) nor GPU 1 (2796MB) has sufficient memory. Waiting...
2025-08-14 14:38:00 - Neither GPU 0 (788MB) nor GPU 1 (2796MB) has sufficient memory. Waiting...
2025-08-14 14:38:30 - Neither GPU 0 (788MB) nor GPU 1 (2796MB) has sufficient memory. Waiting...
2025-08-14 14:39:00 - Neither GPU 0 (788MB) nor GPU 1 (2796MB) has sufficient memory. Waiting...
2025-08-14 14:39:30 - Neither GPU 0 (788MB) nor GPU 1 (2796MB) has sufficient memory. Waiting...
2025-08-14 14:40:00 - Neither GPU 0 (788MB) nor GPU 1 (2796MB) has sufficient memory. Waiting...
2025-08-14 14:40:30 - Neither GPU 0 (788MB) nor GPU 1 (2796MB) has sufficient memory. Waiting...
2025-08-14 14:41:00 - Neither GPU 0 (788MB) nor GPU 1 (2796MB) has sufficient memory. Waiting...
2025-08-14 14:41:30 - Neither GPU 0 (788MB) nor GPU 1 (2796MB) has sufficient memory. Waiting...
2025-08-14 14:42:00 - Neither GPU 0 (788MB) nor GPU 1 (2796MB) has sufficient memory. Waiting...
2025-08-14 14:42:30 - Neither GPU 0 (788MB) nor GPU 1 (2796MB) has sufficient memory. Waiting...
2025-08-14 14:43:00 - Neither GPU 0 (788MB) nor GPU 1 (2796MB) has sufficient memory. Waiting...
2025-08-14 14:43:30 - Neither GPU 0 (788MB) nor GPU 1 (2796MB) has sufficient memory. Waiting...
2025-08-14 14:44:01 - Neither GPU 0 (788MB) nor GPU 1 (2796MB) has sufficient memory. Waiting...
2025-08-14 14:44:31 - Neither GPU 0 (788MB) nor GPU 1 (2796MB) has sufficient memory. Waiting...
2025-08-14 14:45:01 - Neither GPU 0 (788MB) nor GPU 1 (6749MB) has sufficient memory. Waiting...
2025-08-14 14:45:31 - Neither GPU 0 (788MB) nor GPU 1 (6749MB) has sufficient memory. Waiting...
2025-08-14 14:46:01 - Neither GPU 0 (788MB) nor GPU 1 (6749MB) has sufficient memory. Waiting...
2025-08-14 14:46:31 - Neither GPU 0 (788MB) nor GPU 1 (6749MB) has sufficient memory. Waiting...
2025-08-14 14:47:01 - Neither GPU 0 (788MB) nor GPU 1 (6749MB) has sufficient memory. Waiting...
2025-08-14 14:47:31 - Neither GPU 0 (788MB) nor GPU 1 (6749MB) has sufficient memory. Waiting...
2025-08-14 14:48:01 - Neither GPU 0 (788MB) nor GPU 1 (6749MB) has sufficient memory. Waiting...
2025-08-14 14:48:31 - Neither GPU 0 (788MB) nor GPU 1 (6749MB) has sufficient memory. Waiting...
2025-08-14 14:49:01 - Neither GPU 0 (788MB) nor GPU 1 (6749MB) has sufficient memory. Waiting...
2025-08-14 14:49:31 - Neither GPU 0 (788MB) nor GPU 1 (6749MB) has sufficient memory. Waiting...
2025-08-14 14:50:01 - Neither GPU 0 (788MB) nor GPU 1 (5472MB) has sufficient memory. Waiting...
2025-08-14 14:50:31 - Neither GPU 0 (788MB) nor GPU 1 (6749MB) has sufficient memory. Waiting...
2025-08-14 14:51:02 - Neither GPU 0 (788MB) nor GPU 1 (6749MB) has sufficient memory. Waiting...
2025-08-14 14:51:32 - Neither GPU 0 (788MB) nor GPU 1 (2988MB) has sufficient memory. Waiting...
2025-08-14 14:52:02 - Neither GPU 0 (788MB) nor GPU 1 (2202MB) has sufficient memory. Waiting...
2025-08-14 14:52:32 - Neither GPU 0 (788MB) nor GPU 1 (2988MB) has sufficient memory. Waiting...
2025-08-14 14:53:02 - Neither GPU 0 (788MB) nor GPU 1 (2988MB) has sufficient memory. Waiting...
2025-08-14 14:53:32 - Neither GPU 0 (788MB) nor GPU 1 (2988MB) has sufficient memory. Waiting...
2025-08-14 14:54:02 - Neither GPU 0 (788MB) nor GPU 1 (2988MB) has sufficient memory. Waiting...
2025-08-14 14:54:32 - Neither GPU 0 (788MB) nor GPU 1 (2988MB) has sufficient memory. Waiting...
2025-08-14 14:55:02 - Neither GPU 0 (788MB) nor GPU 1 (2988MB) has sufficient memory. Waiting...
2025-08-14 14:55:32 - Neither GPU 0 (788MB) nor GPU 1 (2988MB) has sufficient memory. Waiting...
2025-08-14 14:56:02 - Neither GPU 0 (788MB) nor GPU 1 (2988MB) has sufficient memory. Waiting...
2025-08-14 14:56:32 - Neither GPU 0 (788MB) nor GPU 1 (2988MB) has sufficient memory. Waiting...
2025-08-14 14:57:02 - Neither GPU 0 (788MB) nor GPU 1 (2988MB) has sufficient memory. Waiting...
2025-08-14 14:57:32 - Neither GPU 0 (788MB) nor GPU 1 (2988MB) has sufficient memory. Waiting...
2025-08-14 14:58:02 - Neither GPU 0 (788MB) nor GPU 1 (2988MB) has sufficient memory. Waiting...
2025-08-14 14:58:33 - Neither GPU 0 (788MB) nor GPU 1 (2988MB) has sufficient memory. Waiting...
2025-08-14 14:59:03 - Neither GPU 0 (788MB) nor GPU 1 (2988MB) has sufficient memory. Waiting...
2025-08-14 14:59:33 - Neither GPU 0 (788MB) nor GPU 1 (2988MB) has sufficient memory. Waiting...
2025-08-14 15:00:03 - Neither GPU 0 (788MB) nor GPU 1 (2988MB) has sufficient memory. Waiting...
2025-08-14 15:00:33 - Neither GPU 0 (788MB) nor GPU 1 (2988MB) has sufficient memory. Waiting...
2025-08-14 15:01:03 - Neither GPU 0 (788MB) nor GPU 1 (2988MB) has sufficient memory. Waiting...
2025-08-14 15:01:33 - Neither GPU 0 (788MB) nor GPU 1 (2988MB) has sufficient memory. Waiting...
2025-08-14 15:02:03 - Neither GPU 0 (788MB) nor GPU 1 (2988MB) has sufficient memory. Waiting...
2025-08-14 15:02:33 - Neither GPU 0 (788MB) nor GPU 1 (2988MB) has sufficient memory. Waiting...
2025-08-14 15:03:03 - Neither GPU 0 (788MB) nor GPU 1 (2988MB) has sufficient memory. Waiting...
2025-08-14 15:03:33 - Neither GPU 0 (788MB) nor GPU 1 (2988MB) has sufficient memory. Waiting...
2025-08-14 15:04:03 - Neither GPU 0 (788MB) nor GPU 1 (2988MB) has sufficient memory. Waiting...
2025-08-14 15:04:33 - Neither GPU 0 (788MB) nor GPU 1 (2988MB) has sufficient memory. Waiting...
2025-08-14 15:05:03 - Neither GPU 0 (788MB) nor GPU 1 (2988MB) has sufficient memory. Waiting...
2025-08-14 15:05:33 - Neither GPU 0 (788MB) nor GPU 1 (2988MB) has sufficient memory. Waiting...
2025-08-14 15:06:04 - Neither GPU 0 (788MB) nor GPU 1 (2988MB) has sufficient memory. Waiting...
2025-08-14 15:06:34 - Neither GPU 0 (788MB) nor GPU 1 (2988MB) has sufficient memory. Waiting...
2025-08-14 15:07:04 - Neither GPU 0 (788MB) nor GPU 1 (2988MB) has sufficient memory. Waiting...
2025-08-14 15:07:34 - Neither GPU 0 (788MB) nor GPU 1 (2988MB) has sufficient memory. Waiting...
2025-08-14 15:08:04 - Neither GPU 0 (788MB) nor GPU 1 (2988MB) has sufficient memory. Waiting...
2025-08-14 15:08:34 - Neither GPU 0 (788MB) nor GPU 1 (2988MB) has sufficient memory. Waiting...
2025-08-14 15:09:04 - Neither GPU 0 (788MB) nor GPU 1 (2988MB) has sufficient memory. Waiting...
2025-08-14 15:09:34 - Neither GPU 0 (788MB) nor GPU 1 (2988MB) has sufficient memory. Waiting...
2025-08-14 15:10:04 - Neither GPU 0 (788MB) nor GPU 1 (2988MB) has sufficient memory. Waiting...
2025-08-14 15:10:34 - Neither GPU 0 (788MB) nor GPU 1 (2988MB) has sufficient memory. Waiting...
2025-08-14 15:11:04 - Neither GPU 0 (788MB) nor GPU 1 (2988MB) has sufficient memory. Waiting...
2025-08-14 15:11:34 - Neither GPU 0 (788MB) nor GPU 1 (2988MB) has sufficient memory. Waiting...
2025-08-14 15:12:04 - Neither GPU 0 (788MB) nor GPU 1 (2988MB) has sufficient memory. Waiting...
2025-08-14 15:12:34 - Neither GPU 0 (788MB) nor GPU 1 (2988MB) has sufficient memory. Waiting...
2025-08-14 15:13:04 - Neither GPU 0 (788MB) nor GPU 1 (2988MB) has sufficient memory. Waiting...
2025-08-14 15:13:35 - Neither GPU 0 (788MB) nor GPU 1 (20357MB) has sufficient memory. Waiting...
2025-08-14 15:14:05 - Neither GPU 0 (788MB) nor GPU 1 (20357MB) has sufficient memory. Waiting...
2025-08-14 15:14:35 - Neither GPU 0 (788MB) nor GPU 1 (20357MB) has sufficient memory. Waiting...
2025-08-14 15:15:05 - Neither GPU 0 (788MB) nor GPU 1 (20357MB) has sufficient memory. Waiting...
2025-08-14 15:15:35 - Neither GPU 0 (788MB) nor GPU 1 (20357MB) has sufficient memory. Waiting...
2025-08-14 15:16:05 - Neither GPU 0 (788MB) nor GPU 1 (20096MB) has sufficient memory. Waiting...
2025-08-14 15:16:35 - Neither GPU 0 (788MB) nor GPU 1 (3544MB) has sufficient memory. Waiting...
2025-08-14 15:17:05 - Neither GPU 0 (788MB) nor GPU 1 (3536MB) has sufficient memory. Waiting...
2025-08-14 15:17:35 - GPU 0 has sufficient memory: 24078MB
2025-08-14 15:17:35 - GPU memory is sufficient, starting training...
2025-08-14 15:17:35 - Starting training with nohup...
2025-08-14 15:17:35 - Training started in background with PID 4321
2025-08-14 15:17:35 - Check log file at outputs/20250814_151735_lr5e-6_ep3_scanrefer#multi3dref#obj_align__scanrefer#multi3dref__chatscene/train.log for training progress
