nohup: 忽略输入
bash: /home/lcx/.conda/envs/chat-scene/lib/libtinfo.so.6: no version information available (required by bash)
PYTHONPATH: :/home/lcx/.conda/envs/chat-scene/bin/python:.
2025-12-19 09:53:54 - Starting to wait for GPU memory...
2025-12-19 09:53:54 - Neither GPU 0 (20589MB) nor GPU 1 (16720MB) has sufficient memory. Waiting...
2025-12-19 09:54:24 - Neither GPU 0 (20589MB) nor GPU 1 (16722MB) has sufficient memory. Waiting...
2025-12-19 09:54:54 - Neither GPU 0 (20589MB) nor GPU 1 (16722MB) has sufficient memory. Waiting...
2025-12-19 09:55:25 - Neither GPU 0 (20589MB) nor GPU 1 (16722MB) has sufficient memory. Waiting...
2025-12-19 09:55:55 - Neither GPU 0 (20589MB) nor GPU 1 (16722MB) has sufficient memory. Waiting...
2025-12-19 09:56:25 - Neither GPU 0 (20589MB) nor GPU 1 (16722MB) has sufficient memory. Waiting...
2025-12-19 09:56:55 - Neither GPU 0 (20589MB) nor GPU 1 (16722MB) has sufficient memory. Waiting...
2025-12-19 09:57:25 - Neither GPU 0 (20589MB) nor GPU 1 (16722MB) has sufficient memory. Waiting...
2025-12-19 09:57:55 - Neither GPU 0 (20589MB) nor GPU 1 (16722MB) has sufficient memory. Waiting...
2025-12-19 09:58:25 - Neither GPU 0 (20589MB) nor GPU 1 (16722MB) has sufficient memory. Waiting...
2025-12-19 09:58:55 - Neither GPU 0 (20589MB) nor GPU 1 (16720MB) has sufficient memory. Waiting...
2025-12-19 09:59:25 - Neither GPU 0 (20589MB) nor GPU 1 (16722MB) has sufficient memory. Waiting...
2025-12-19 09:59:55 - Neither GPU 0 (20589MB) nor GPU 1 (16720MB) has sufficient memory. Waiting...
2025-12-19 10:00:25 - Neither GPU 0 (20589MB) nor GPU 1 (16722MB) has sufficient memory. Waiting...
2025-12-19 10:00:56 - Neither GPU 0 (20589MB) nor GPU 1 (16722MB) has sufficient memory. Waiting...
2025-12-19 10:01:26 - Neither GPU 0 (20589MB) nor GPU 1 (16722MB) has sufficient memory. Waiting...
2025-12-19 10:01:56 - Neither GPU 0 (20589MB) nor GPU 1 (16722MB) has sufficient memory. Waiting...
2025-12-19 10:02:26 - Neither GPU 0 (20589MB) nor GPU 1 (16722MB) has sufficient memory. Waiting...
2025-12-19 10:02:56 - Neither GPU 0 (20589MB) nor GPU 1 (16722MB) has sufficient memory. Waiting...
2025-12-19 10:03:26 - Neither GPU 0 (20589MB) nor GPU 1 (16722MB) has sufficient memory. Waiting...
2025-12-19 10:03:56 - Neither GPU 0 (20589MB) nor GPU 1 (16722MB) has sufficient memory. Waiting...
2025-12-19 10:04:26 - Neither GPU 0 (20589MB) nor GPU 1 (16722MB) has sufficient memory. Waiting...
2025-12-19 10:04:56 - Neither GPU 0 (20589MB) nor GPU 1 (16722MB) has sufficient memory. Waiting...
2025-12-19 10:05:26 - Neither GPU 0 (20589MB) nor GPU 1 (16722MB) has sufficient memory. Waiting...
2025-12-19 10:05:56 - Neither GPU 0 (20589MB) nor GPU 1 (16722MB) has sufficient memory. Waiting...
2025-12-19 10:06:27 - Neither GPU 0 (20589MB) nor GPU 1 (16722MB) has sufficient memory. Waiting...
2025-12-19 10:06:57 - Neither GPU 0 (20589MB) nor GPU 1 (16722MB) has sufficient memory. Waiting...
2025-12-19 10:07:27 - Neither GPU 0 (20589MB) nor GPU 1 (16722MB) has sufficient memory. Waiting...
2025-12-19 10:07:57 - Neither GPU 0 (20589MB) nor GPU 1 (16722MB) has sufficient memory. Waiting...
2025-12-19 10:08:27 - Neither GPU 0 (20589MB) nor GPU 1 (16722MB) has sufficient memory. Waiting...
2025-12-19 10:08:57 - Neither GPU 0 (20589MB) nor GPU 1 (16722MB) has sufficient memory. Waiting...
2025-12-19 10:09:27 - Neither GPU 0 (20589MB) nor GPU 1 (16722MB) has sufficient memory. Waiting...
2025-12-19 10:09:57 - Neither GPU 0 (20589MB) nor GPU 1 (16722MB) has sufficient memory. Waiting...
2025-12-19 10:10:27 - Neither GPU 0 (20589MB) nor GPU 1 (16722MB) has sufficient memory. Waiting...
2025-12-19 10:10:57 - Neither GPU 0 (20589MB) nor GPU 1 (16722MB) has sufficient memory. Waiting...
2025-12-19 10:11:27 - Neither GPU 0 (20589MB) nor GPU 1 (16722MB) has sufficient memory. Waiting...
2025-12-19 10:11:58 - Neither GPU 0 (20589MB) nor GPU 1 (16720MB) has sufficient memory. Waiting...
2025-12-19 10:12:28 - Neither GPU 0 (20589MB) nor GPU 1 (16722MB) has sufficient memory. Waiting...
2025-12-19 10:12:58 - Neither GPU 0 (20589MB) nor GPU 1 (16722MB) has sufficient memory. Waiting...
2025-12-19 10:13:28 - Neither GPU 0 (20589MB) nor GPU 1 (16722MB) has sufficient memory. Waiting...
2025-12-19 10:13:58 - Neither GPU 0 (20589MB) nor GPU 1 (16720MB) has sufficient memory. Waiting...
2025-12-19 10:14:28 - Neither GPU 0 (20589MB) nor GPU 1 (16722MB) has sufficient memory. Waiting...
2025-12-19 10:14:58 - Neither GPU 0 (20589MB) nor GPU 1 (16720MB) has sufficient memory. Waiting...
2025-12-19 10:15:28 - Neither GPU 0 (20589MB) nor GPU 1 (16722MB) has sufficient memory. Waiting...
2025-12-19 10:15:58 - Neither GPU 0 (20589MB) nor GPU 1 (16722MB) has sufficient memory. Waiting...
2025-12-19 10:16:28 - Neither GPU 0 (20589MB) nor GPU 1 (16722MB) has sufficient memory. Waiting...
2025-12-19 10:16:58 - Neither GPU 0 (20589MB) nor GPU 1 (16722MB) has sufficient memory. Waiting...
2025-12-19 10:17:28 - Neither GPU 0 (20589MB) nor GPU 1 (16720MB) has sufficient memory. Waiting...
2025-12-19 10:17:59 - Neither GPU 0 (20589MB) nor GPU 1 (16722MB) has sufficient memory. Waiting...
2025-12-19 10:18:29 - Neither GPU 0 (20589MB) nor GPU 1 (16722MB) has sufficient memory. Waiting...
2025-12-19 10:18:59 - Neither GPU 0 (20589MB) nor GPU 1 (16720MB) has sufficient memory. Waiting...
2025-12-19 10:19:29 - Neither GPU 0 (20589MB) nor GPU 1 (16722MB) has sufficient memory. Waiting...
2025-12-19 10:19:59 - Neither GPU 0 (20589MB) nor GPU 1 (16722MB) has sufficient memory. Waiting...
2025-12-19 10:20:29 - Neither GPU 0 (20589MB) nor GPU 1 (16722MB) has sufficient memory. Waiting...
2025-12-19 10:20:59 - Neither GPU 0 (20589MB) nor GPU 1 (16722MB) has sufficient memory. Waiting...
2025-12-19 10:21:29 - Neither GPU 0 (20589MB) nor GPU 1 (16722MB) has sufficient memory. Waiting...
2025-12-19 10:21:59 - Neither GPU 0 (20589MB) nor GPU 1 (16722MB) has sufficient memory. Waiting...
2025-12-19 10:22:29 - Neither GPU 0 (20589MB) nor GPU 1 (16722MB) has sufficient memory. Waiting...
2025-12-19 10:22:59 - Neither GPU 0 (20589MB) nor GPU 1 (16722MB) has sufficient memory. Waiting...
2025-12-19 10:23:30 - Neither GPU 0 (20589MB) nor GPU 1 (16722MB) has sufficient memory. Waiting...
2025-12-19 10:24:00 - GPU 1 has sufficient memory: 24121MB
2025-12-19 10:24:00 - GPU memory is sufficient, starting training...
PYTHONPATH: :/home/lcx/.conda/envs/chat-scene/bin/python:.:/home/lcx/.conda/envs/chat-scene/bin/python:.
2025-12-19 10:24:00 - Starting training with nohup...
2025-12-19 10:24:00 - Training started in background with PID 823420
2025-12-19 10:24:00 - Check log file at /data/lcx/chat-scene/outputs/ours_mini20251219_102400_lr5e-6_ep3_scanrefer#obj_align#nr3d_caption#scanqa__scanrefer#scanqa__chatscene/train.log for training progress
